---
source: src/toml_traverse.rs
expression: doc.to_string()
---
'''

        # this is comment

        a = "A"
        "a.b" = "A.B"          # comment on keyword.directive
        c = { d = "C.D" }

        [p]
        "a" = "P.A"  # some comment
        "b" = "P.B"

        [[q]]
        a = "A1"

        [[q]]
        a = "A2"
        '''
